0 silly argv {
0 silly argv   _: [ 'version' ],
0 silly argv   lernaVersion: '3.22.1',
0 silly argv   '$0': '/Users/nickweaver/development/sendoutcards/quantum-design-system/node_modules/.bin/lerna'
0 silly argv }
1 notice cli v3.22.1
2 verbose rootPath /Users/nickweaver/development/sendoutcards/quantum-design-system
3 info versioning independent
4 silly isAnythingCommitted
5 verbose isAnythingCommitted 1
6 silly currentBranch
7 verbose currentBranch master
8 silly remoteBranchExists
9 silly isBehindUpstream
10 silly isBehindUpstream master is behind origin/master by 0 commit(s) and ahead by 0
11 silly hasTags
12 verbose hasTags true
13 silly git-describe.sync "@sendoutcards/quantum-design-docs@0.4.17-5-g221ac623" => {"lastTagName":"@sendoutcards/quantum-design-docs@0.4.17","lastVersion":"0.4.17","refCount":"5","sha":"221ac623","isDirty":false}
14 info Looking for changed packages since @sendoutcards/quantum-design-docs@0.4.17
15 silly checking diff apps/documentation
16 silly no diff found in @sendoutcards/quantum-design-docs
17 silly checking diff common/eslint-config
18 silly no diff found in @common/eslint-config
19 silly checking diff packages/ui
20 silly found diff in packages/ui/src/atoms/portal/portal.tsx
20 silly found diff in packages/ui/src/exports/molecules.ts
20 silly found diff in packages/ui/src/exports/organisms.ts
20 silly found diff in packages/ui/src/exports/socPorfolio.ts
20 silly found diff in packages/ui/src/molecules/dialog/dialog.tsx
20 silly found diff in packages/ui/src/molecules/displayCard/displayCard.tsx
20 silly found diff in packages/ui/src/molecules/overlay/overlay.tsx
20 silly found diff in packages/ui/src/molecules/releaseNote/releaseNote.tsx
20 silly found diff in packages/ui/src/molecules/sheet/sheet.tsx
20 silly found diff in packages/ui/src/organisms/imageUploader/imageUploader.tsx
20 silly found diff in packages/ui/src/organisms/releaseNote/.styles.ts.icloud
20 silly found diff in packages/ui/src/organisms/releaseNoteDialog/releaseNoteDialog.tsx
20 silly found diff in packages/ui/src/organisms/releaseNoteDialog/styles.ts
20 silly found diff in packages/ui/src/organisms/settingInput/settingInput.tsx
20 silly found diff in packages/ui/src/organisms/settingInput/styles.ts
20 silly found diff in packages/ui/src/portfolios/soc/components/paperTypeModal/paperTypeModal.tsx
20 silly found diff in packages/ui/src/portfolios/soc/components/paperTypeModal/styles.ts
20 silly found diff in packages/ui/src/stories/molecules/ReleaseNote.stories.tsx
20 silly found diff in packages/ui/src/stories/organisms/ReleaseNoteDialog.stories.tsx
20 silly found diff in packages/ui/src/stories/organisms/SettingInput.stories.tsx
20 silly found diff in packages/ui/src/stories/portfolios/SOC/PaperTypeModal.stories.tsx
21 verbose filtered diff [
21 verbose filtered diff   'packages/ui/src/atoms/portal/portal.tsx',
21 verbose filtered diff   'packages/ui/src/exports/molecules.ts',
21 verbose filtered diff   'packages/ui/src/exports/organisms.ts',
21 verbose filtered diff   'packages/ui/src/exports/socPorfolio.ts',
21 verbose filtered diff   'packages/ui/src/molecules/dialog/dialog.tsx',
21 verbose filtered diff   'packages/ui/src/molecules/displayCard/displayCard.tsx',
21 verbose filtered diff   'packages/ui/src/molecules/overlay/overlay.tsx',
21 verbose filtered diff   'packages/ui/src/molecules/releaseNote/releaseNote.tsx',
21 verbose filtered diff   'packages/ui/src/molecules/sheet/sheet.tsx',
21 verbose filtered diff   'packages/ui/src/organisms/imageUploader/imageUploader.tsx',
21 verbose filtered diff   'packages/ui/src/organisms/releaseNote/.styles.ts.icloud',
21 verbose filtered diff   'packages/ui/src/organisms/releaseNoteDialog/releaseNoteDialog.tsx',
21 verbose filtered diff   'packages/ui/src/organisms/releaseNoteDialog/styles.ts',
21 verbose filtered diff   'packages/ui/src/organisms/settingInput/settingInput.tsx',
21 verbose filtered diff   'packages/ui/src/organisms/settingInput/styles.ts',
21 verbose filtered diff   'packages/ui/src/portfolios/soc/components/paperTypeModal/paperTypeModal.tsx',
21 verbose filtered diff   'packages/ui/src/portfolios/soc/components/paperTypeModal/styles.ts',
21 verbose filtered diff   'packages/ui/src/stories/molecules/ReleaseNote.stories.tsx',
21 verbose filtered diff   'packages/ui/src/stories/organisms/ReleaseNoteDialog.stories.tsx',
21 verbose filtered diff   'packages/ui/src/stories/organisms/SettingInput.stories.tsx',
21 verbose filtered diff   'packages/ui/src/stories/portfolios/SOC/PaperTypeModal.stories.tsx'
21 verbose filtered diff ]
22 verbose updated @sendoutcards/quantum-design-docs
23 verbose updated @sendoutcards/quantum-design-ui
24 verbose git-describe undefined => "@sendoutcards/quantum-design-docs@0.4.17-5-g221ac623"
25 silly git-describe parsed => {"lastTagName":"@sendoutcards/quantum-design-docs@0.4.17","lastVersion":"0.4.17","refCount":"5","sha":"221ac623","isDirty":false}
26 info execute Skipping releases
27 warn lifecycle Skipping root "preversion" because it has already been called
28 silly lifecycle No script for "preversion" in "@sendoutcards/quantum-design-ui", continuing
29 silly lifecycle No script for "version" in "@sendoutcards/quantum-design-ui", continuing
30 silly lifecycle No script for "preversion" in "@sendoutcards/quantum-design-docs", continuing
31 silly lifecycle No script for "version" in "@sendoutcards/quantum-design-docs", continuing
32 warn lifecycle Skipping root "version" because it has already been called
33 silly gitAdd [ 'packages/ui/package.json', 'apps/documentation/package.json' ]
34 silly gitCommit Publish
34 silly gitCommit
34 silly gitCommit  - @sendoutcards/quantum-design-docs@0.4.18
34 silly gitCommit  - @sendoutcards/quantum-design-ui@1.7.18
35 verbose git [
35 verbose git   'commit',
35 verbose git   '-F',
35 verbose git   '/private/var/folders/5h/22_2pgf56sj5b43_1ks44gx00000gp/T/8efaeb3a-acfe-4a32-ac46-f489e9608fea/lerna-commit.txt'
35 verbose git ]
36 error Error: Command failed: git commit -F /private/var/folders/5h/22_2pgf56sj5b43_1ks44gx00000gp/T/8efaeb3a-acfe-4a32-ac46-f489e9608fea/lerna-commit.txt
36 error $ lerna run lint --stream
36 error lerna notice cli v3.22.1
36 error lerna info versioning independent
36 error lerna info Executing command in 2 packages: "yarn run lint"
36 error @sendoutcards/quantum-design-ui: $ eslint src
36 error @sendoutcards/quantum-design-ui: /Users/nickweaver/development/sendoutcards/quantum-design-system/packages/ui/src/atoms/portal/portal.tsx
36 error @sendoutcards/quantum-design-ui:   15:6  error  React Hook React.useEffect has a missing dependency: 'container'. Either include it or remove the dependency array  react-hooks/exhaustive-deps
36 error @sendoutcards/quantum-design-ui: ✖ 1 problem (1 error, 0 warnings)
36 error @sendoutcards/quantum-design-ui: error Command failed with exit code 1.
36 error @sendoutcards/quantum-design-ui: info Visit https://yarnpkg.com/en/docs/cli/run for documentation about this command.
36 error lerna ERR! yarn run lint exited 1 in '@sendoutcards/quantum-design-ui'
36 error error Command failed with exit code 1.
36 error info Visit https://yarnpkg.com/en/docs/cli/run for documentation about this command.
36 error husky - pre-commit hook exited with code 1 (error)
36 error
36 error     at makeError (/Users/nickweaver/development/sendoutcards/quantum-design-system/node_modules/execa/index.js:174:9)
36 error     at /Users/nickweaver/development/sendoutcards/quantum-design-system/node_modules/execa/index.js:278:16
36 error     at processTicksAndRejections (internal/process/task_queues.js:95:5)
